{
  "annotations": {
    "readOnlyHint": false,
    "destructiveHint": true,
    "idempotentHint": false,
    "openWorldHint": true
  },
  "description": "Gets the current GitLab project configuration. If no .gmcprc is found, auto-detects from Git remote and matches with configured servers.",
  "inputSchema": {
    "properties": {},
    "required": [],
    "type": "object"
  },
  "name": "getCurrentProject"
}