{
  "annotations": {
    "title": "Get Merge Request Comments",
    "readOnlyHint": true
  },
  "description": "Retrieves comments or notes from a specific merge request in a GitLab project.",
  "inputSchema": {
    "type": "object",
    "properties": {
      "mergeRequestIid": {
        "description": "The IID (internal ID, integer) of the merge request within the project.",
        "type": "number"
      },
      "page": {
        "description": "Page number of the results to retrieve (min 1).",
        "type": "number"
      },
      "per_page": {
        "description": "Number of results to return per page (default: 20, max: 100).",
        "type": "number"
      },
      "projectId": {
        "description": "The ID (integer) or URL-encoded path (string) of the project.",
        "type": "string"
      }
    },
    "required": [
      "projectId",
      "mergeRequestIid"
    ]
  },
  "name": "getMergeRequestComments"
}