{
  "annotations": {
    "title": "Get GitLab Project Secret Detection Findings",
    "readOnlyHint": true
  },
  "description": "TOOL_GET_PROJECT_SECRET_DETECTION_DESCRIPTION",
  "inputSchema": {
    "type": "object",
    "properties": {
      "pid": {
        "description": "The ID or URL-encoded path of the project",
        "type": "string"
      }
    },
    "required": [
      "pid"
    ]
  },
  "name": "getProjectSecretDetection"
}