{
  "annotations": {
    "title": "Get Project File Content",
    "readOnlyHint": true
  },
  "description": "TOOL_GET_PROJECT_FILE_DESCRIPTION",
  "inputSchema": {
    "type": "object",
    "properties": {
      "filePath": {
        "description": "The path to the file within the repository.",
        "type": "string"
      },
      "projectId": {
        "description": "The ID (integer) or URL-encoded path (string) of the project.",
        "type": "string"
      },
      "ref": {
        "description": "The name of branch, tag, or commit.",
        "type": "string"
      }
    },
    "required": [
      "projectId",
      "filePath",
      "ref"
    ]
  },
  "name": "getProjectFile"
}