{
  "annotations": {
    "title": "Get Tag Commit",
    "readOnlyHint": true
  },
  "description": "TOOL_GET_TAG_COMMIT_DESCRIPTION",
  "inputSchema": {
    "type": "object",
    "properties": {
      "projectId": {
        "description": "The ID (integer) or URL-encoded path (string) of the project.",
        "type": "string"
      },
      "tagName": {
        "description": "The name of the tag.",
        "type": "string"
      }
    },
    "required": [
      "projectId",
      "tagName"
    ]
  },
  "name": "getTagCommit"
}