{
  "annotations": {
    "title": "List GitLab Project Users",
    "readOnlyHint": true
  },
  "description": "TOOL_LIST_PROJECT_USERS_DESCRIPTION",
  "inputSchema": {
    "type": "object",
    "properties": {
      "page": {
        "description": "The page number to retrieve (default: 1)",
        "type": "number"
      },
      "per_page": {
        "description": "The number of results per page (default: 20, max: 100)",
        "type": "number"
      },
      "pid": {
        "description": "The ID or URL-encoded path of the project",
        "type": "string"
      }
    },
    "required": [
      "pid"
    ]
  },
  "name": "listProjectUsers"
}