{
  "annotations": {
    "title": "Play Pipeline Job"
  },
  "description": "TOOL_PLAY_PIPELINE_JOB_DESCRIPTION",
  "inputSchema": {
    "type": "object",
    "properties": {
      "jobId": {
        "description": "The ID of the job to play.",
        "type": "number"
      },
      "projectId": {
        "description": "The ID (integer) or URL-encoded path (string) of the project.",
        "type": "string"
      }
    },
    "required": [
      "projectId",
      "jobId"
    ]
  },
  "name": "playPipelineJob"
}