{
  "annotations": {
    "destructiveHint": true,
    "openWorldHint": true
  },
  "description": "Removes a token from the runtime token store. Note: This does not update MCP configuration files.",
  "inputSchema": {
    "type": "object",
    "properties": {
      "name": {
        "description": "Token name to remove.",
        "type": "string"
      }
    },
    "required": [
      "name"
    ]
  },
  "name": "removeToken"
}