{
  "annotations": {
    "title": "Search GitLab Merge Requests in Group",
    "readOnlyHint": true
  },
  "description": "TOOL_SEARCH_MERGE_REQUESTS_BY_GROUP_DESCRIPTION",
  "inputSchema": {
    "type": "object",
    "properties": {
      "gid": {
        "description": "The ID or URL-encoded path of the group",
        "type": "string"
      },
      "page": {
        "description": "The page number to retrieve (default: 1)",
        "type": "number"
      },
      "per_page": {
        "description": "The number of results per page (default: 20, max: 100)",
        "type": "number"
      },
      "search": {
        "description": "The search query string",
        "type": "string"
      }
    },
    "required": [
      "gid",
      "search"
    ]
  },
  "name": "searchMergeRequestsByGroup"
}