{
  "annotations": {
    "destructiveHint": true,
    "openWorldHint": true
  },
  "description": "Sets the current GitLab project for this directory by creating a .gmcprc file. The project ID will be automatically used by other tools if not explicitly specified.",
  "inputSchema": {
    "type": "object",
    "properties": {
      "gitlabHost": {
        "description": "Optional GitLab host URL (e.g., 'https://gitlab.example.com'). If not specified, uses default or detected from Git remote.",
        "type": "string"
      },
      "projectId": {
        "description": "The GitLab project ID (e.g., 'owner/repo' or numeric ID).",
        "type": "string"
      }
    },
    "required": [
      "projectId"
    ]
  },
  "name": "setCurrentProject"
}