{
  "annotations": {
    "destructiveHint": true,
    "openWorldHint": true
  },
  "description": "Updates an existing GitLab token. Validates the new token before updating.",
  "inputSchema": {
    "type": "object",
    "properties": {
      "name": {
        "description": "Token name to update.",
        "type": "string"
      },
      "token": {
        "description": "New GitLab Personal Access Token. If not provided, only revalidates existing token.",
        "type": "string"
      }
    },
    "required": [
      "name"
    ]
  },
  "name": "updateToken"
}